// Jest Snapshot v1, https://goo.gl/fbAQLP

exports[`<AppLoader/> renders correctly 1`] = `
<View
  style={
    Object {
      "alignItems": "center",
      "flex": 1,
      "justifyContent": "center",
    }
  }
>
  <ActivityIndicator
    animating={true}
    color="#999999"
    hidesWhenStopped={true}
    size="small"
    style={
      Object {
        "color": "#303F9F",
      }
    }
  />
</View>
`;
