// Jest Snapshot v1, https://goo.gl/fbAQLP

exports[`<WeatherButton /> Rendering should match to snapshot 1`] = `ShallowWrapper {}`;
