// Jest Snapshot v1, https://goo.gl/fbAQLP

exports[`Testing <WeatherList/> component renders as expected 1`] = `ShallowWrapper {}`;

exports[`Testing <WeatherList/> component renders as expected 2`] = `ShallowWrapper {}`;

exports[`Testing <WeatherList/> component renders as expected 3`] = `ShallowWrapper {}`;

exports[`Testing <WeatherList/> component renders as expected 4`] = `ShallowWrapper {}`;

exports[`Testing <WeatherList/> component renders as expected 5`] = `[Function]`;
